Failed to find the pandas get_adjustment() function to patch
Failed to patch pandas - PandasTools will have limited functionality
Loaded 2141 matched pairs with unique-to-nonbinder fragments.
Loaded WeightedSumPool checkpoint: /hpc/group/singhlab/user/cy244/projects/peptide_evals/fragment_pool_study/fragment_weighted_sum_60f394d3/checkpoints/epoch=66-val/dti_auprc=0.5732.ckpt
  Processing pair 1/2141 ...
  Processing pair 51/2141 ...
  Processing pair 101/2141 ...
  Processing pair 151/2141 ...
  Processing pair 201/2141 ...
  Processing pair 251/2141 ...
  Processing pair 301/2141 ...
  Processing pair 351/2141 ...
  Processing pair 401/2141 ...
  Processing pair 451/2141 ...
  Processing pair 501/2141 ...
  Processing pair 551/2141 ...
  Processing pair 601/2141 ...
  Processing pair 651/2141 ...
  Processing pair 701/2141 ...
  Processing pair 751/2141 ...
  Processing pair 801/2141 ...
  Processing pair 851/2141 ...
  Processing pair 901/2141 ...
  Processing pair 951/2141 ...
  Processing pair 1001/2141 ...
  Processing pair 1051/2141 ...
  Processing pair 1101/2141 ...
  Processing pair 1151/2141 ...
  Processing pair 1201/2141 ...
  Processing pair 1251/2141 ...
  Processing pair 1301/2141 ...
  Processing pair 1351/2141 ...
  Processing pair 1401/2141 ...
  Processing pair 1451/2141 ...
  Processing pair 1501/2141 ...
  Processing pair 1551/2141 ...
  Processing pair 1601/2141 ...
  Processing pair 1651/2141 ...
  Processing pair 1701/2141 ...
  Processing pair 1751/2141 ...
  Processing pair 1801/2141 ...
  Processing pair 1851/2141 ...
  Processing pair 1901/2141 ...
  Processing pair 1951/2141 ...
  Processing pair 2001/2141 ...
  Processing pair 2051/2141 ...
  Processing pair 2101/2141 ...

Processed 2141 pairs successfully.
Saved results to scripts/contrastive_results_ws.json

============================================================
Contrastive Attribution Summary (weighted_sum, h=66-val/dti_auprc=0.5732.ckpt)
============================================================
Pairs analyzed: 2141

Attribution ratio (unique-to-nonbinder weight / uniform):
  Mean: 1.100  (>1 = model up-weights the unique fragment)
  Above 1: 34.7% of pairs

Shared-fragment weight gap (binder − nonbinder):
  Mean: 0.0013  (>0 = binder focuses more on shared fragments)
  Positive in: 47.0% of pairs
============================================================

Top 5 pairs by attribution ratio (model most focuses on unique-to-nonbinder):
  ratio=6.970  tanimoto=0.871
    binder:    CC(C)C[C@@H]1NC(=O)[C@@H](CCCN=C(N)N)NC(=O)[C@H](Cc2ccc(O)cc
    nonbinder: CC(C)C[C@@H]1NC(=O)[C@@H](CCCN=C(N)N)NC(=O)[C@H](Cc2ccc(O)cc
    unique_to_nonbinder: ['[13*][C@@H]1CCCNC(=O)C[C@H]([15*])C(=O)N[C@@H]([13*])C(=O)N[C@H]([13*])C(=O)N[C@@H]([13*])C(=O)N[C@@H]([13*])C(=O)N2CCC[C@H]2C(=O)N1']
    unique-frag weight: 0.5808  (uniform=0.0833)
  ratio=6.970  tanimoto=0.804
    binder:    CC(C)C[C@@H]1NC(=O)[C@@H](CCCN=C(N)N)NC(=O)[C@H](Cc2ccc(O)cc
    nonbinder: CC(C)C[C@@H]1NC(=O)[C@@H](CCCN=C(N)N)NC(=O)[C@H](Cc2ccc(O)cc
    unique_to_nonbinder: ['[13*][C@@H]1CCCNC(=O)C[C@H]([15*])C(=O)N[C@@H]([13*])C(=O)N[C@H]([13*])C(=O)N[C@@H]([13*])C(=O)N[C@@H]([13*])C(=O)N2CCC[C@H]2C(=O)N1']
    unique-frag weight: 0.5808  (uniform=0.0833)
  ratio=6.970  tanimoto=0.798
    binder:    CC(C)C[C@@H]1NC(=O)[C@@H](CCCN=C(N)N)NC(=O)[C@H](Cc2ccc(O)cc
    nonbinder: CC(C)C[C@@H]1NC(=O)[C@@H](CCCN=C(N)N)NC(=O)[C@H](Cc2ccc(O)cc
    unique_to_nonbinder: ['[13*][C@@H]1CCCNC(=O)C[C@H]([15*])C(=O)N[C@@H]([13*])C(=O)N[C@H]([13*])C(=O)N[C@@H]([13*])C(=O)N[C@@H]([13*])C(=O)N2CCC[C@H]2C(=O)N1']
    unique-frag weight: 0.5808  (uniform=0.0833)
  ratio=6.970  tanimoto=0.784
    binder:    CC(C)C[C@@H]1NC(=O)[C@@H](CCCN=C(N)N)NC(=O)[C@H](Cc2ccc(O)cc
    nonbinder: CC(C)C[C@@H]1NC(=O)[C@@H](CCCN=C(N)N)NC(=O)[C@H](Cc2ccc(O)cc
    unique_to_nonbinder: ['[13*][C@@H]1CCCNC(=O)C[C@H]([15*])C(=O)N[C@@H]([13*])C(=O)N[C@H]([13*])C(=O)N[C@@H]([13*])C(=O)N[C@@H]([13*])C(=O)N2CCC[C@H]2C(=O)N1']
    unique-frag weight: 0.5808  (uniform=0.0833)
  ratio=6.770  tanimoto=1.000
    binder:    CCN1[C@@H](Cc2ccc(O)cc2)C(=O)N[C@H](Cc2ccccc2)C(=O)N[C@@H](C
    nonbinder: CCN1[C@H](Cc2ccc(O)cc2)C(=O)N[C@H](Cc2ccccc2)C(=O)N[C@@H](C(
    unique_to_nonbinder: ['[10*]N1C(=O)CC2(CCCCC2)SSC[C@H]([13*])NC(=O)[C@@H]([13*])NC(=O)[C@H]([13*])NC(=O)[C@@H]([13*])NC(=O)[C@H]1[13*]']
    unique-frag weight: 0.5207  (uniform=0.0769)
