Failed to find the pandas get_adjustment() function to patch
Failed to patch pandas - PandasTools will have limited functionality
Loaded WeightedSumPool checkpoint
Loading protein embeddings from /hpc/group/singhlab/user/cy244/projects/peptides/count_combined_embeddings/raygun_embeddings.pt ...
  4582 protein sequences loaded

=== scripts/matched_pairs_clean.json (755 pairs) ===
  Processing pair 1/755 ...
  Processing pair 51/755 ...
  Processing pair 101/755 ...
  Processing pair 151/755 ...
  Processing pair 201/755 ...
  Processing pair 251/755 ...
  Processing pair 301/755 ...
  Processing pair 351/755 ...
  Processing pair 401/755 ...
  Processing pair 451/755 ...
  Processing pair 501/755 ...
  Processing pair 551/755 ...
  Processing pair 601/755 ...
  Processing pair 651/755 ...
  Processing pair 701/755 ...
  Processing pair 751/755 ...
Processed 755 pairs (0 errors)
Saved to scripts/grad_results_clean.json

--- Summary ---
  attribution_ratio mean=0.757  median=0.609  stdev=0.602
  Above 1: 20.9%
  shared_weight_gap mean=-0.0005  positive=52.5%

=== scripts/matched_pairs.json (2141 pairs) ===
  Processing pair 1/2141 ...
  Processing pair 51/2141 ...
  Processing pair 101/2141 ...
  Processing pair 151/2141 ...
  Processing pair 201/2141 ...
  Processing pair 251/2141 ...
  Processing pair 301/2141 ...
  Processing pair 351/2141 ...
  Processing pair 401/2141 ...
  Processing pair 451/2141 ...
  Processing pair 501/2141 ...
  Processing pair 551/2141 ...
  Processing pair 601/2141 ...
  Processing pair 651/2141 ...
  Processing pair 701/2141 ...
  Processing pair 751/2141 ...
  Processing pair 801/2141 ...
  Processing pair 851/2141 ...
  Processing pair 901/2141 ...
  Processing pair 951/2141 ...
  Processing pair 1001/2141 ...
  Processing pair 1051/2141 ...
  Processing pair 1101/2141 ...
  Processing pair 1151/2141 ...
  Processing pair 1201/2141 ...
  Processing pair 1251/2141 ...
  Processing pair 1301/2141 ...
  Processing pair 1351/2141 ...
  Processing pair 1401/2141 ...
  Processing pair 1451/2141 ...
  Processing pair 1501/2141 ...
  Processing pair 1551/2141 ...
  Processing pair 1601/2141 ...
  Processing pair 1651/2141 ...
  Processing pair 1701/2141 ...
  Processing pair 1751/2141 ...
  Processing pair 1801/2141 ...
  Processing pair 1851/2141 ...
  Processing pair 1901/2141 ...
  Processing pair 1951/2141 ...
  Processing pair 2001/2141 ...
  Processing pair 2051/2141 ...
  Processing pair 2101/2141 ...
Processed 2141 pairs (0 errors)
Saved to scripts/grad_results_full.json

--- Summary ---
  attribution_ratio mean=1.103  median=0.928  stdev=0.803
  Above 1: 42.0%
  shared_weight_gap mean=0.0072  positive=54.2%
